g++ -std=c++20 -Wall -Wextra -Wpedantic -Wshadow -Wconversion -Wunreachable-code -Wno-unused-parameter -O3 -o build/simulation jass.o simulation.o
build/simulation
Declarer Hand: AS, 6S, AH, 6H, AD, 6D, 10C, 9C, 7C
Finding best trump suit...

    -> Pruning move S (EV 22). Confident it's worse than C (EV 93.6667).
N(C)=  3 | Best: C (93.67) | 2nd: H (92.00) | 95% CI for Diff: [-55.38,  58.71]
N(C)=  4 | Best: C (106.00) | 2nd: D (103.25) | 95% CI for Diff: [-48.92,  54.42]
N(C)=  5 | Best: C (116.20) | 2nd: D (87.20) | 95% CI for Diff: [-25.69,  83.69]
N(C)=  6 | Best: C (112.50) | 2nd: H (92.17) | 95% CI for Diff: [-19.13,  59.80]
N(C)=  7 | Best: C (109.71) | 2nd: H (90.57) | 95% CI for Diff: [-14.80,  53.08]
N(C)=  8 | Best: C (115.62) | 2nd: H (87.12) | 95% CI for Diff: [ -3.81,  60.81]
N(C)=  9 | Best: C (110.56) | 2nd: H (90.56) | 95% CI for Diff: [-10.92,  50.92]
N(C)= 10 | Best: C (109.00) | 2nd: H (97.20) | 95% CI for Diff: [-18.92,  42.52]
    -> Pruning move D (EV 74.45). Confident it's worse than C (EV 106.82).
N(C)= 11 | Best: C (106.82) | 2nd: H (92.45) | 95% CI for Diff: [-15.25,  43.97]
N(C)= 12 | Best: C (104.58) | 2nd: H (94.00) | 95% CI for Diff: [-16.97,  38.13]
N(C)= 13 | Best: C (104.69) | 2nd: H (90.38) | 95% CI for Diff: [-12.01,  40.62]
N(C)= 14 | Best: C (103.86) | 2nd: H (86.79) | 95% CI for Diff: [ -8.35,  42.49]
N(C)= 15 | Best: C (101.33) | 2nd: H (87.13) | 95% CI for Diff: [ -9.98,  38.38]
N(C)= 16 | Best: C (101.19) | 2nd: H (88.12) | 95% CI for Diff: [ -9.64,  35.77]
N(C)= 17 | Best: C (101.65) | 2nd: H (87.12) | 95% CI for Diff: [ -6.91,  35.97]
N(C)= 18 | Best: C (102.06) | 2nd: H (84.56) | 95% CI for Diff: [ -3.34,  38.34]
N(C)= 19 | Best: C (104.95) | 2nd: H (87.05) | 95% CI for Diff: [ -3.19,  38.98]
N(C)= 20 | Best: C (104.10) | 2nd: H (85.85) | 95% CI for Diff: [ -1.96,  38.46]
N(C)= 21 | Best: C (105.76) | 2nd: H (88.10) | 95% CI for Diff: [ -2.33,  37.66]
N(C)= 22 | Best: C (106.50) | 2nd: H (89.45) | 95% CI for Diff: [ -2.26,  36.35]
    -> Pruning move H (EV 88.09). Confident it's worse than C (EV 106.87).
N(C)= 23 | Best: C (106.87) | 2nd: H (88.09) | 95% CI for Diff: [  0.13,  37.43]

--- Conclusion: Found a Single Best Move! ---
Trump C is the winner with EV: 107.96
