g++ -std=c++20 -Wall -Wextra -Wpedantic -Wshadow -Wconversion -Wunreachable-code -Wno-unused-parameter -O3 -o build/simulation jass.o simulation.o
build/simulation
Declarer Hand: AS, 7S, QH, 6H, AD, JD, 8C, 7C, 6C
Finding best trump suit...

    -> Pruning move H (EV 58). Confident it's worse than D (EV 116.333).
    -> Pruning move S (EV 54.6667). Confident it's worse than D (EV 116.333).
N(D)=  3 | Best: D (116.33) | 2nd: C (103.67) | 95% CI for Diff: [-18.91,  44.24]
N(C)=  4 | Best: C (117.00) | 2nd: D (113.25) | 95% CI for Diff: [-31.15,  38.65]
N(D)=  5 | Best: D (116.00) | 2nd: C (115.00) | 95% CI for Diff: [-26.84,  28.84]
N(D)=  6 | Best: D (119.67) | 2nd: C (105.00) | 95% CI for Diff: [-16.20,  45.53]
N(D)=  7 | Best: D (117.43) | 2nd: C (94.29) | 95% CI for Diff: [-10.63,  56.92]
N(D)=  8 | Best: D (116.12) | 2nd: C (102.12) | 95% CI for Diff: [-19.14,  47.14]
N(D)=  9 | Best: D (110.56) | 2nd: C (99.00) | 95% CI for Diff: [-20.24,  43.35]
N(D)= 10 | Best: D (110.90) | 2nd: C (97.80) | 95% CI for Diff: [-15.44,  41.64]
N(D)= 11 | Best: D (110.09) | 2nd: C (93.91) | 95% CI for Diff: [-10.78,  43.15]
N(D)= 12 | Best: D (106.25) | 2nd: C (91.83) | 95% CI for Diff: [-11.64,  40.48]
N(D)= 13 | Best: D (109.69) | 2nd: C (88.15) | 95% CI for Diff: [ -4.39,  47.47]
N(D)= 14 | Best: D (110.93) | 2nd: C (91.43) | 95% CI for Diff: [ -5.47,  44.47]
N(D)= 15 | Best: D (110.33) | 2nd: C (87.00) | 95% CI for Diff: [ -1.50,  48.17]
    -> Pruning move C (EV 84.38). Confident it's worse than D (EV 109.62).
N(D)= 16 | Best: D (109.62) | 2nd: C (84.38) | 95% CI for Diff: [  1.41,  49.09]

--- Conclusion: Found a Single Best Move! ---
Trump D is the winner with EV: 111.76
