g++ -std=c++20 -Wall -Wextra -Wpedantic -Wshadow -Wconversion -Wunreachable-code -Wno-unused-parameter -O3 -o build/simulation jass.o simulation.o
build/simulation
Declarer Hand: KS, 10H, 6H, QD, 9D, QC, 8C, 7C, 6C
Finding best trump suit...

N(D)=  3 | Best: D (89.00) | 2nd: C (72.00) | 95% CI for Diff: [-79.07, 113.07]
    -> Pruning move S (EV 25.50). Confident it's worse than D (EV 96.25).
N(D)=  4 | Best: D (96.25) | 2nd: C (81.50) | 95% CI for Diff: [-57.11,  86.61]
N(D)=  5 | Best: D (83.20) | 2nd: C (75.60) | 95% CI for Diff: [-54.74,  69.94]
N(C)=  6 | Best: C (78.83) | 2nd: D (71.83) | 95% CI for Diff: [-48.92,  62.92]
N(C)=  7 | Best: C (69.29) | 2nd: D (69.00) | 95% CI for Diff: [-50.85,  51.42]
N(C)=  8 | Best: C (74.25) | 2nd: D (70.38) | 95% CI for Diff: [-41.55,  49.30]
N(C)=  9 | Best: C (80.56) | 2nd: D (75.56) | 95% CI for Diff: [-38.13,  48.13]
N(C)= 10 | Best: C (75.20) | 2nd: D (74.30) | 95% CI for Diff: [-39.16,  40.96]
N(D)= 11 | Best: D (78.00) | 2nd: C (71.45) | 95% CI for Diff: [-31.13,  44.22]
N(D)= 12 | Best: D (75.58) | 2nd: C (69.08) | 95% CI for Diff: [-28.53,  41.53]
N(D)= 13 | Best: D (77.08) | 2nd: C (66.62) | 95% CI for Diff: [-22.25,  43.17]
N(D)= 14 | Best: D (81.43) | 2nd: C (64.21) | 95% CI for Diff: [-14.60,  49.03]
N(D)= 15 | Best: D (79.67) | 2nd: C (59.93) | 95% CI for Diff: [-11.24,  50.71]
N(D)= 16 | Best: D (76.19) | 2nd: C (59.12) | 95% CI for Diff: [-12.75,  46.87]
N(D)= 17 | Best: D (71.71) | 2nd: C (58.65) | 95% CI for Diff: [-16.30,  42.42]
N(D)= 18 | Best: D (71.56) | 2nd: C (57.44) | 95% CI for Diff: [-13.67,  41.89]
N(D)= 19 | Best: D (72.42) | 2nd: H (57.00) | 95% CI for Diff: [ -9.35,  40.19]
N(D)= 20 | Best: D (73.40) | 2nd: H (58.30) | 95% CI for Diff: [ -8.61,  38.81]
N(D)= 21 | Best: D (71.38) | 2nd: H (55.52) | 95% CI for Diff: [ -7.68,  39.40]
N(D)= 22 | Best: D (70.00) | 2nd: H (57.77) | 95% CI for Diff: [-10.80,  35.26]
N(D)= 23 | Best: D (68.22) | 2nd: H (56.91) | 95% CI for Diff: [-11.04,  33.65]
N(D)= 24 | Best: D (71.08) | 2nd: H (55.42) | 95% CI for Diff: [ -6.65,  37.98]
N(D)= 25 | Best: D (70.76) | 2nd: H (54.76) | 95% CI for Diff: [ -5.45,  37.45]
N(D)= 26 | Best: D (72.54) | 2nd: C (55.35) | 95% CI for Diff: [ -4.93,  39.31]
    -> Pruning move H (EV 52.15). Confident it's worse than D (EV 73.00).
N(D)= 27 | Best: D (73.00) | 2nd: C (55.04) | 95% CI for Diff: [ -3.35,  39.28]
N(D)= 28 | Best: D (71.04) | 2nd: C (56.29) | 95% CI for Diff: [ -6.29,  35.79]
N(D)= 29 | Best: D (69.14) | 2nd: C (58.31) | 95% CI for Diff: [-10.19,  31.85]
N(D)= 30 | Best: D (71.13) | 2nd: C (59.20) | 95% CI for Diff: [ -8.82,  32.69]
N(D)= 31 | Best: D (70.71) | 2nd: C (61.58) | 95% CI for Diff: [-11.49,  29.75]
N(D)= 32 | Best: D (71.44) | 2nd: C (62.28) | 95% CI for Diff: [-10.91,  29.22]
N(D)= 33 | Best: D (71.58) | 2nd: C (63.76) | 95% CI for Diff: [-11.85,  27.48]
N(D)= 34 | Best: D (70.56) | 2nd: C (64.21) | 95% CI for Diff: [-12.85,  25.55]
N(D)= 35 | Best: D (69.26) | 2nd: C (64.17) | 95% CI for Diff: [-13.73,  23.90]
N(D)= 36 | Best: D (71.69) | 2nd: C (63.53) | 95% CI for Diff: [-10.78,  27.11]
N(D)= 37 | Best: D (71.30) | 2nd: C (63.84) | 95% CI for Diff: [-10.99,  25.91]
N(D)= 38 | Best: D (71.61) | 2nd: C (64.63) | 95% CI for Diff: [-11.06,  25.01]
N(D)= 39 | Best: D (71.08) | 2nd: C (64.92) | 95% CI for Diff: [-11.45,  23.76]
N(D)= 40 | Best: D (72.10) | 2nd: C (65.42) | 95% CI for Diff: [-10.63,  23.98]
N(D)= 41 | Best: D (73.32) | 2nd: C (66.24) | 95% CI for Diff: [-10.05,  24.20]
N(D)= 42 | Best: D (73.26) | 2nd: C (65.74) | 95% CI for Diff: [ -9.22,  24.26]
N(D)= 43 | Best: D (73.21) | 2nd: C (65.86) | 95% CI for Diff: [ -9.00,  23.70]
N(D)= 44 | Best: D (74.52) | 2nd: C (65.77) | 95% CI for Diff: [ -7.43,  24.93]
N(D)= 45 | Best: D (73.40) | 2nd: C (66.51) | 95% CI for Diff: [ -9.14,  22.92]
N(D)= 46 | Best: D (72.76) | 2nd: C (65.52) | 95% CI for Diff: [ -8.61,  23.09]
N(D)= 47 | Best: D (73.43) | 2nd: C (65.06) | 95% CI for Diff: [ -7.23,  23.95]
N(D)= 48 | Best: D (74.56) | 2nd: C (64.98) | 95% CI for Diff: [ -5.84,  25.01]
N(D)= 49 | Best: D (74.47) | 2nd: C (64.20) | 95% CI for Diff: [ -4.92,  25.45]
N(D)= 50 | Best: D (74.12) | 2nd: C (64.30) | 95% CI for Diff: [ -5.07,  24.71]

--- Conclusion: Reached Max Simulations (50) ---
Result is inconclusive for top contenders.
