g++ -std=c++20 -Wall -Wextra -Wpedantic -Wshadow -Wconversion -Wunreachable-code -Wno-unused-parameter -O3 -o build/simulation jass.o simulation.o
build/simulation
Declarer Hand: AS, 8S, 9H, 8H, 7H, 10D, 8D, 10C, 8C
Finding best trump suit...

N(S)=  3 | Best: S (71.00) | 2nd: H (62.67) | 95% CI for Diff: [-52.45,  69.12]
N(S)=  4 | Best: S (79.25) | 2nd: H (77.75) | 95% CI for Diff: [-53.12,  56.12]
    -> Pruning move D (EV 37.40). Confident it's worse than H (EV 92.20).
N(H)=  5 | Best: H (92.20) | 2nd: S (89.00) | 95% CI for Diff: [-51.18,  57.58]
N(H)=  6 | Best: H (97.33) | 2nd: S (74.17) | 95% CI for Diff: [-30.85,  77.18]
N(H)=  7 | Best: H (94.43) | 2nd: S (64.00) | 95% CI for Diff: [-19.71,  80.56]
N(H)=  8 | Best: H (89.50) | 2nd: S (66.00) | 95% CI for Diff: [-21.15,  68.15]
N(H)=  9 | Best: H (84.56) | 2nd: S (61.00) | 95% CI for Diff: [-18.17,  65.28]
    -> Pruning move C (EV 48.90). Confident it's worse than H (EV 86.90).
N(H)= 10 | Best: H (86.90) | 2nd: S (60.40) | 95% CI for Diff: [-11.12,  64.12]
N(H)= 11 | Best: H (83.00) | 2nd: S (56.18) | 95% CI for Diff: [ -9.02,  62.66]
N(H)= 12 | Best: H (84.58) | 2nd: S (54.50) | 95% CI for Diff: [ -2.95,  63.11]
N(H)= 13 | Best: H (82.92) | 2nd: S (54.00) | 95% CI for Diff: [ -1.65,  59.50]
    -> Pruning move S (EV 50.14). Confident it's worse than H (EV 88.21).
N(H)= 14 | Best: H (88.21) | 2nd: S (50.14) | 95% CI for Diff: [  6.99,  69.15]

--- Conclusion: Found a Single Best Move! ---
Trump H is the winner with EV: 91.80
