g++ -std=c++20 -Wall -Wextra -Wpedantic -Wshadow -Wconversion -Wunreachable-code -Wno-unused-parameter -O3 -o build/simulation jass.o simulation.o
build/simulation
Declarer Hand: 9S, QS, 6S, JH, 9H, 8H, 10D, KC, 9C
Finding best trump suit...

    -> Pruning move D (EV 43.3333). Confident it's worse than H (EV 116.667).
N(H)=  3 | Best: H (116.67) | 2nd: S (88.00) | 95% CI for Diff: [-17.01,  74.34]
    -> Pruning move C (EV 67.75). Confident it's worse than H (EV 114.25).
N(H)=  4 | Best: H (114.25) | 2nd: S (90.50) | 95% CI for Diff: [ -9.26,  56.76]
N(H)=  5 | Best: H (114.20) | 2nd: S (103.80) | 95% CI for Diff: [-26.11,  46.91]
N(H)=  6 | Best: H (115.50) | 2nd: S (112.67) | 95% CI for Diff: [-31.77,  37.44]
N(S)=  7 | Best: S (114.71) | 2nd: H (107.57) | 95% CI for Diff: [-26.22,  40.50]
N(S)=  8 | Best: S (114.62) | 2nd: H (111.12) | 95% CI for Diff: [-26.22,  33.22]
N(S)=  9 | Best: S (119.33) | 2nd: H (113.00) | 95% CI for Diff: [-21.70,  34.36]
N(S)= 10 | Best: S (114.00) | 2nd: H (113.60) | 95% CI for Diff: [-26.79,  27.59]
N(H)= 11 | Best: H (113.00) | 2nd: S (107.27) | 95% CI for Diff: [-22.20,  33.66]
N(H)= 12 | Best: H (111.58) | 2nd: S (110.25) | 95% CI for Diff: [-24.97,  27.63]
N(H)= 13 | Best: H (111.15) | 2nd: S (108.00) | 95% CI for Diff: [-21.45,  27.76]
N(H)= 14 | Best: H (111.50) | 2nd: S (102.07) | 95% CI for Diff: [-16.15,  35.01]
N(H)= 15 | Best: H (112.67) | 2nd: S (98.27) | 95% CI for Diff: [-10.66,  39.46]
N(H)= 16 | Best: H (114.62) | 2nd: S (94.44) | 95% CI for Diff: [ -4.72,  45.10]
N(H)= 17 | Best: H (112.18) | 2nd: S (93.24) | 95% CI for Diff: [ -5.06,  42.94]
N(H)= 18 | Best: H (113.56) | 2nd: S (90.83) | 95% CI for Diff: [ -0.55,  46.00]
    -> Pruning move S (EV 87.74). Confident it's worse than H (EV 113.58).
N(H)= 19 | Best: H (113.58) | 2nd: S (87.74) | 95% CI for Diff: [  3.01,  48.68]

--- Conclusion: Found a Single Best Move! ---
Trump H is the winner with EV: 115.00
