g++ -std=c++20 -Wall -Wextra -Wpedantic -Wshadow -Wconversion -Wunreachable-code -Wno-unused-parameter -O3 -o build/simulation jass.o simulation.o
build/simulation
Declarer Hand: 6S, JH, 8H, 7H, AD, JD, KC, 7C, 6C
Finding best trump suit...

    -> Pruning move S (EV 56.6667). Confident it's worse than D (EV 102.333).
N(D)=  3 | Best: D (102.33) | 2nd: C (94.00) | 95% CI for Diff: [-55.11,  71.78]
N(D)=  4 | Best: D (92.25) | 2nd: H (82.00) | 95% CI for Diff: [-21.29,  41.79]
N(D)=  5 | Best: D (89.60) | 2nd: H (83.80) | 95% CI for Diff: [-19.42,  31.02]
N(D)=  6 | Best: D (92.33) | 2nd: H (88.67) | 95% CI for Diff: [-19.65,  26.99]
N(D)=  7 | Best: D (88.71) | 2nd: H (87.14) | 95% CI for Diff: [-19.59,  22.73]
N(H)=  8 | Best: H (94.12) | 2nd: D (90.38) | 95% CI for Diff: [-19.35,  26.85]
N(H)=  9 | Best: H (94.89) | 2nd: D (87.67) | 95% CI for Diff: [-13.88,  28.33]
    -> Pruning move C (EV 60.70). Confident it's worse than H (EV 94.90).
N(H)= 10 | Best: H (94.90) | 2nd: D (91.80) | 95% CI for Diff: [-17.44,  23.64]
N(H)= 11 | Best: H (93.27) | 2nd: D (91.82) | 95% CI for Diff: [-17.40,  20.31]
N(H)= 12 | Best: H (96.58) | 2nd: D (94.08) | 95% CI for Diff: [-16.42,  21.42]
N(H)= 13 | Best: H (99.69) | 2nd: D (92.85) | 95% CI for Diff: [-11.75,  25.45]
N(H)= 14 | Best: H (103.79) | 2nd: D (97.43) | 95% CI for Diff: [-14.66,  27.37]
N(H)= 15 | Best: H (104.20) | 2nd: D (96.80) | 95% CI for Diff: [-12.22,  27.02]
N(H)= 16 | Best: H (105.69) | 2nd: D (94.69) | 95% CI for Diff: [ -8.04,  30.04]
N(H)= 17 | Best: H (105.47) | 2nd: D (92.71) | 95% CI for Diff: [ -5.54,  31.07]
N(H)= 18 | Best: H (103.56) | 2nd: D (93.44) | 95% CI for Diff: [ -7.61,  27.83]
N(H)= 19 | Best: H (103.26) | 2nd: D (92.53) | 95% CI for Diff: [ -6.13,  27.60]
N(H)= 20 | Best: H (102.85) | 2nd: D (92.15) | 95% CI for Diff: [ -5.34,  26.74]
N(H)= 21 | Best: H (104.29) | 2nd: D (95.24) | 95% CI for Diff: [ -7.60,  25.70]
N(H)= 22 | Best: H (104.36) | 2nd: D (95.23) | 95% CI for Diff: [ -6.74,  25.01]
N(H)= 23 | Best: H (103.61) | 2nd: D (94.96) | 95% CI for Diff: [ -6.60,  23.91]
N(H)= 24 | Best: H (102.17) | 2nd: D (96.08) | 95% CI for Diff: [ -8.95,  21.12]
N(H)= 25 | Best: H (101.12) | 2nd: D (98.04) | 95% CI for Diff: [-11.99,  18.15]
N(H)= 26 | Best: H (100.85) | 2nd: D (97.88) | 95% CI for Diff: [-11.53,  17.45]
N(H)= 27 | Best: H (100.70) | 2nd: D (96.63) | 95% CI for Diff: [-10.08,  18.23]
N(H)= 28 | Best: H (99.64) | 2nd: D (96.43) | 95% CI for Diff: [-10.59,  17.02]
N(H)= 29 | Best: H (99.55) | 2nd: D (96.83) | 95% CI for Diff: [-10.62,  16.07]
N(H)= 30 | Best: H (99.17) | 2nd: D (97.70) | 95% CI for Diff: [-11.56,  14.50]
N(H)= 31 | Best: H (100.55) | 2nd: D (95.74) | 95% CI for Diff: [ -8.64,  18.25]
N(H)= 32 | Best: H (100.22) | 2nd: D (95.72) | 95% CI for Diff: [ -8.54,  17.54]
N(H)= 33 | Best: H (100.18) | 2nd: D (96.45) | 95% CI for Diff: [ -8.99,  16.45]
N(H)= 34 | Best: H (101.44) | 2nd: D (96.82) | 95% CI for Diff: [ -7.99,  17.22]
N(H)= 35 | Best: H (101.26) | 2nd: D (97.54) | 95% CI for Diff: [ -8.61,  16.04]
N(H)= 36 | Best: H (102.44) | 2nd: D (97.47) | 95% CI for Diff: [ -7.23,  17.17]
N(H)= 37 | Best: H (102.65) | 2nd: D (97.81) | 95% CI for Diff: [ -7.06,  16.73]
N(H)= 38 | Best: H (101.58) | 2nd: D (97.53) | 95% CI for Diff: [ -7.72,  15.83]
N(H)= 39 | Best: H (102.28) | 2nd: D (97.00) | 95% CI for Diff: [ -6.32,  16.88]
N(H)= 40 | Best: H (102.95) | 2nd: D (96.92) | 95% CI for Diff: [ -5.36,  17.41]
N(H)= 41 | Best: H (103.61) | 2nd: D (96.71) | 95% CI for Diff: [ -4.28,  18.09]
N(H)= 42 | Best: H (103.60) | 2nd: D (97.83) | 95% CI for Diff: [ -5.37,  16.90]
N(H)= 43 | Best: H (104.35) | 2nd: D (97.12) | 95% CI for Diff: [ -3.83,  18.30]
N(H)= 44 | Best: H (105.23) | 2nd: D (97.11) | 95% CI for Diff: [ -2.83,  19.06]
N(H)= 45 | Best: H (106.07) | 2nd: D (96.60) | 95% CI for Diff: [ -1.41,  20.34]
N(H)= 46 | Best: H (105.52) | 2nd: D (96.87) | 95% CI for Diff: [ -2.05,  19.35]
N(H)= 47 | Best: H (105.77) | 2nd: D (97.11) | 95% CI for Diff: [ -1.83,  19.15]
N(H)= 48 | Best: H (105.60) | 2nd: D (96.15) | 95% CI for Diff: [ -0.99,  19.90]
N(H)= 49 | Best: H (105.33) | 2nd: D (96.51) | 95% CI for Diff: [ -1.45,  19.09]
N(H)= 50 | Best: H (106.10) | 2nd: D (96.10) | 95% CI for Diff: [ -0.21,  20.21]

--- Conclusion: Reached Max Simulations (50) ---
Result is inconclusive for top contenders.
