g++ -std=c++20 -Wall -Wextra -Wpedantic -Wshadow -Wconversion -Wunreachable-code -Wno-unused-parameter -O3 -o build/simulation jass.o simulation.o
build/simulation
Declarer Hand: 7S, 6S, KH, JH, KD, QD, QC, 10C, 9C
Finding best trump suit...

N(S)=  3 | Best: S (97.33) | 2nd: H (72.67) | 95% CI for Diff: [-28.59,  77.92]
N(S)=  4 | Best: S (83.25) | 2nd: H (78.50) | 95% CI for Diff: [-43.32,  52.82]
N(H)=  5 | Best: H (85.00) | 2nd: S (82.80) | 95% CI for Diff: [-37.16,  41.56]
    -> Pruning move D (EV 35.33). Confident it's worse than H (EV 91.50).
N(H)=  6 | Best: H (91.50) | 2nd: S (78.67) | 95% CI for Diff: [-22.68,  48.34]
N(H)=  7 | Best: H (91.29) | 2nd: S (70.57) | 95% CI for Diff: [-13.24,  54.66]
N(H)=  8 | Best: H (95.12) | 2nd: C (79.25) | 95% CI for Diff: [-19.25,  51.00]
N(H)=  9 | Best: H (91.11) | 2nd: C (76.33) | 95% CI for Diff: [-17.69,  47.24]
N(H)= 10 | Best: H (90.40) | 2nd: S (72.80) | 95% CI for Diff: [ -9.64,  44.84]
N(H)= 11 | Best: H (88.45) | 2nd: S (73.27) | 95% CI for Diff: [ -9.77,  40.13]
N(H)= 12 | Best: H (89.50) | 2nd: S (71.50) | 95% CI for Diff: [ -5.13,  41.13]
N(H)= 13 | Best: H (86.92) | 2nd: S (68.23) | 95% CI for Diff: [ -4.09,  41.48]
N(H)= 14 | Best: H (83.14) | 2nd: S (66.43) | 95% CI for Diff: [ -5.92,  39.35]
N(H)= 15 | Best: H (83.47) | 2nd: C (64.27) | 95% CI for Diff: [ -3.43,  41.83]
    -> Pruning move S (EV 58.75). Confident it's worse than H (EV 83.00).
N(H)= 16 | Best: H (83.00) | 2nd: C (70.06) | 95% CI for Diff: [-11.10,  36.98]
N(H)= 17 | Best: H (84.18) | 2nd: C (75.18) | 95% CI for Diff: [-15.81,  33.81]
N(H)= 18 | Best: H (88.22) | 2nd: C (76.72) | 95% CI for Diff: [-13.39,  36.39]
N(H)= 19 | Best: H (87.53) | 2nd: C (77.74) | 95% CI for Diff: [-13.87,  33.45]
N(H)= 20 | Best: H (88.50) | 2nd: C (75.50) | 95% CI for Diff: [ -9.95,  35.95]
N(H)= 21 | Best: H (89.14) | 2nd: C (74.90) | 95% CI for Diff: [ -7.66,  36.14]
N(H)= 22 | Best: H (87.55) | 2nd: C (73.18) | 95% CI for Diff: [ -7.02,  35.75]
N(H)= 23 | Best: H (88.39) | 2nd: C (71.96) | 95% CI for Diff: [ -4.20,  37.07]
N(H)= 24 | Best: H (88.92) | 2nd: C (70.88) | 95% CI for Diff: [ -1.86,  37.94]
    -> Pruning move C (EV 69.92). Confident it's worse than H (EV 89.16).
N(H)= 25 | Best: H (89.16) | 2nd: C (69.92) | 95% CI for Diff: [  0.05,  38.43]

--- Conclusion: Found a Single Best Move! ---
Trump H is the winner with EV: 88.31
