Hands: 
  Player 0: 7C,AD,10H,JS
  Player 1: QC,8D,JH,KS
  Player 2: 8C,KD,AH,9S
  Player 3: AC,10D,8S,QS
Final Score: 94
Hands: 
  Player 0: 7C,AD,10H,JS
  Player 1: QC,8D,JH,KS
  Player 2: 10C,7H,AH,9S
  Player 3: AC,10D,8S,QS
Final Score: 100
Hands: 
  Player 0: 8C,JD,8H,10H,AH,QS,AS,JS
  Player 1: JC,QD,7H,JH,QH,8S,KS,9S
  Player 2: 7C,10C,KC,AC,9D,KD,9H,10S
  Player 3: 9C,QC,7D,8D,10D,AD,KH,7S
Final Score: 112
Hands: 
  Player 0: 7D,8D,8H,AH,6S,8S,QS,9S
  Player 1: 8C,10C,KC,JD,KD,KH,10S,AS
  Player 2: 6C,JC,QC,AC,9D,10D,QD,6H
  Player 3: 7C,9C,6D,AD,7H,9H,JH,QH
Final Score: 83
