g++ -std=c++20 -Wall -Wextra -Wpedantic -Wshadow -Wconversion -Wunreachable-code -Wno-unused-parameter -O3 -o build/simulation jass.o simulation.o
build/simulation
Declarer Hand: KH, QH, 10H, KD, QD, 6D, AC, QC, 10C
Finding best trump suit...

    -> Pruning move S (EV 45). Confident it's worse than H (EV 109).
N(H)=  3 | Best: H (109.00) | 2nd: D (96.33) | 95% CI for Diff: [-32.83,  58.16]
N(H)=  4 | Best: H (100.00) | 2nd: D (96.00) | 95% CI for Diff: [-32.69,  40.69]
N(H)=  5 | Best: H (97.20) | 2nd: D (81.00) | 95% CI for Diff: [-25.06,  57.46]
N(H)=  6 | Best: H (107.17) | 2nd: C (86.67) | 95% CI for Diff: [-23.72,  64.72]
N(H)=  7 | Best: H (110.86) | 2nd: D (88.29) | 95% CI for Diff: [-15.69,  60.84]
N(H)=  8 | Best: H (106.00) | 2nd: C (88.12) | 95% CI for Diff: [-17.97,  53.72]
N(H)=  9 | Best: H (111.67) | 2nd: C (84.33) | 95% CI for Diff: [ -6.99,  61.65]
    -> Pruning move D (EV 73.00). Confident it's worse than H (EV 113.90).
N(H)= 10 | Best: H (113.90) | 2nd: C (91.60) | 95% CI for Diff: [-11.82,  56.42]
N(H)= 11 | Best: H (111.82) | 2nd: C (94.00) | 95% CI for Diff: [-13.67,  49.30]
N(H)= 12 | Best: H (109.00) | 2nd: C (97.50) | 95% CI for Diff: [-18.56,  41.56]
N(H)= 13 | Best: H (111.62) | 2nd: C (96.85) | 95% CI for Diff: [-13.38,  42.92]
N(H)= 14 | Best: H (106.50) | 2nd: C (93.43) | 95% CI for Diff: [-15.65,  41.79]
N(H)= 15 | Best: H (107.60) | 2nd: C (93.40) | 95% CI for Diff: [-12.62,  41.02]
N(H)= 16 | Best: H (107.12) | 2nd: C (96.00) | 95% CI for Diff: [-14.49,  36.74]
N(H)= 17 | Best: H (109.18) | 2nd: C (98.29) | 95% CI for Diff: [-13.93,  35.69]
N(H)= 18 | Best: H (106.67) | 2nd: C (100.39) | 95% CI for Diff: [-17.97,  30.53]
N(H)= 19 | Best: H (102.53) | 2nd: C (100.79) | 95% CI for Diff: [-22.61,  26.08]
N(H)= 20 | Best: H (102.50) | 2nd: C (100.45) | 95% CI for Diff: [-21.06,  25.16]
N(H)= 21 | Best: H (103.29) | 2nd: C (100.67) | 95% CI for Diff: [-19.42,  24.66]
N(H)= 22 | Best: H (100.82) | 2nd: C (98.09) | 95% CI for Diff: [-19.42,  24.87]
N(H)= 23 | Best: H (98.91) | 2nd: C (98.39) | 95% CI for Diff: [-20.97,  22.02]
N(H)= 24 | Best: H (97.54) | 2nd: C (96.00) | 95% CI for Diff: [-19.73,  22.82]
N(C)= 25 | Best: C (96.04) | 2nd: H (95.68) | 95% CI for Diff: [-20.37,  21.09]
N(C)= 26 | Best: C (96.85) | 2nd: H (95.12) | 95% CI for Diff: [-18.28,  21.74]
N(C)= 27 | Best: C (96.93) | 2nd: H (93.48) | 95% CI for Diff: [-16.08,  22.97]
N(C)= 28 | Best: C (97.36) | 2nd: H (92.43) | 95% CI for Diff: [-14.01,  23.87]
N(C)= 29 | Best: C (96.07) | 2nd: H (93.66) | 95% CI for Diff: [-16.19,  21.02]
N(H)= 30 | Best: H (93.90) | 2nd: C (93.77) | 95% CI for Diff: [-18.41,  18.67]
N(C)= 31 | Best: C (94.65) | 2nd: H (93.26) | 95% CI for Diff: [-16.67,  19.45]
N(C)= 32 | Best: C (95.97) | 2nd: H (92.44) | 95% CI for Diff: [-14.22,  21.28]
N(C)= 33 | Best: C (95.12) | 2nd: H (89.79) | 95% CI for Diff: [-12.71,  23.38]
N(C)= 34 | Best: C (93.41) | 2nd: H (90.71) | 95% CI for Diff: [-15.21,  20.62]
N(C)= 35 | Best: C (92.46) | 2nd: H (89.00) | 95% CI for Diff: [-14.36,  21.27]
N(C)= 36 | Best: C (93.64) | 2nd: H (88.44) | 95% CI for Diff: [-12.31,  22.69]
N(C)= 37 | Best: C (94.03) | 2nd: H (88.19) | 95% CI for Diff: [-11.21,  22.88]
N(C)= 38 | Best: C (94.97) | 2nd: H (89.61) | 95% CI for Diff: [-11.55,  22.29]
N(C)= 39 | Best: C (93.74) | 2nd: H (90.90) | 95% CI for Diff: [-14.00,  19.70]
N(C)= 40 | Best: C (93.35) | 2nd: H (89.90) | 95% CI for Diff: [-13.11,  20.01]
N(C)= 41 | Best: C (93.59) | 2nd: H (91.54) | 95% CI for Diff: [-14.42,  18.52]
N(C)= 42 | Best: C (93.69) | 2nd: H (90.86) | 95% CI for Diff: [-13.30,  18.96]
N(C)= 43 | Best: C (94.70) | 2nd: H (91.02) | 95% CI for Diff: [-12.20,  19.55]
N(C)= 44 | Best: C (93.73) | 2nd: H (90.84) | 95% CI for Diff: [-12.75,  18.52]
N(C)= 45 | Best: C (93.11) | 2nd: H (90.73) | 95% CI for Diff: [-12.95,  17.71]
N(C)= 46 | Best: C (94.15) | 2nd: H (91.04) | 95% CI for Diff: [-12.03,  18.25]
N(C)= 47 | Best: C (92.96) | 2nd: H (91.96) | 95% CI for Diff: [-14.11,  16.11]
N(C)= 48 | Best: C (93.08) | 2nd: H (92.90) | 95% CI for Diff: [-14.72,  15.09]
N(H)= 49 | Best: H (93.86) | 2nd: C (92.41) | 95% CI for Diff: [-13.33,  16.23]
N(H)= 50 | Best: H (93.02) | 2nd: C (90.56) | 95% CI for Diff: [-12.56,  17.48]

--- Conclusion: Reached Max Simulations (50) ---
Result is inconclusive for top contenders.
