g++ -std=c++20 -Wall -Wextra -Wpedantic -Wshadow -Wconversion -Wunreachable-code -Wno-unused-parameter -O3 -o build/simulation jass.o simulation.o
build/simulation
Declarer Hand: JS, AS, KH, QH, 10H, 8D, 6D, KC, 7C
Finding best trump suit...

    -> Pruning move D (EV 48.3333). Confident it's worse than S (EV 117).
N(S)=  3 | Best: S (117.00) | 2nd: H (83.33) | 95% CI for Diff: [-44.82, 112.15]
N(S)=  4 | Best: S (106.00) | 2nd: H (80.00) | 95% CI for Diff: [-33.90,  85.90]
N(S)=  5 | Best: S (101.80) | 2nd: C (87.60) | 95% CI for Diff: [-36.51,  64.91]
N(S)=  6 | Best: S (95.33) | 2nd: H (74.33) | 95% CI for Diff: [-20.16,  62.16]
N(S)=  7 | Best: S (104.14) | 2nd: H (79.29) | 95% CI for Diff: [-15.17,  64.89]
N(S)=  8 | Best: S (103.88) | 2nd: H (82.38) | 95% CI for Diff: [-13.70,  56.70]
N(S)=  9 | Best: S (105.89) | 2nd: H (84.67) | 95% CI for Diff: [-10.39,  52.83]
    -> Pruning move C (EV 66.70). Confident it's worse than S (EV 109.30).
N(S)= 10 | Best: S (109.30) | 2nd: H (84.40) | 95% CI for Diff: [ -4.16,  53.96]
N(S)= 11 | Best: S (109.55) | 2nd: H (87.00) | 95% CI for Diff: [ -4.23,  49.32]
N(S)= 12 | Best: S (107.67) | 2nd: H (84.92) | 95% CI for Diff: [ -2.31,  47.81]
N(S)= 13 | Best: S (103.92) | 2nd: H (85.54) | 95% CI for Diff: [ -5.83,  42.60]
N(S)= 14 | Best: S (102.21) | 2nd: H (89.64) | 95% CI for Diff: [-11.48,  36.63]
N(S)= 15 | Best: S (100.20) | 2nd: H (86.27) | 95% CI for Diff: [ -9.75,  37.62]
N(S)= 16 | Best: S (99.44) | 2nd: H (84.25) | 95% CI for Diff: [ -7.37,  37.74]
N(S)= 17 | Best: S (98.71) | 2nd: H (84.00) | 95% CI for Diff: [ -6.53,  35.94]
N(S)= 18 | Best: S (95.94) | 2nd: H (84.11) | 95% CI for Diff: [ -8.91,  32.58]
N(S)= 19 | Best: S (99.16) | 2nd: H (81.79) | 95% CI for Diff: [ -3.74,  38.47]
N(S)= 20 | Best: S (100.65) | 2nd: H (82.85) | 95% CI for Diff: [ -2.54,  38.14]
N(S)= 21 | Best: S (100.43) | 2nd: H (81.62) | 95% CI for Diff: [ -0.69,  38.31]
    -> Pruning move H (EV 80.55). Confident it's worse than S (EV 99.73).
N(S)= 22 | Best: S (99.73) | 2nd: H (80.55) | 95% CI for Diff: [  0.42,  37.95]

--- Conclusion: Found a Single Best Move! ---
Trump S is the winner with EV: 101.61
