g++ -std=c++20 -Wall -Wextra -Wpedantic -Wshadow -Wconversion -Wunreachable-code -Wno-unused-parameter -O3 -o build/simulation jass.o simulation.o
build/simulation
Declarer Hand: JS, 7S, KH, JH, 7H, AD, KC, 9C, 8C
Finding best trump suit...

N(H)=  3 | Best: H (115.00) | 2nd: S (113.67) | 95% CI for Diff: [-42.54,  45.21]
    -> Pruning move D (EV 50.75). Confident it's worse than H (EV 124.50).
N(H)=  4 | Best: H (124.50) | 2nd: C (113.75) | 95% CI for Diff: [-31.90,  53.40]
N(H)=  5 | Best: H (120.00) | 2nd: S (103.40) | 95% CI for Diff: [-15.75,  48.95]
N(H)=  6 | Best: H (111.67) | 2nd: S (108.17) | 95% CI for Diff: [-28.93,  35.93]
N(H)=  7 | Best: H (110.00) | 2nd: S (102.00) | 95% CI for Diff: [-22.13,  38.13]
N(S)=  8 | Best: S (108.88) | 2nd: H (104.38) | 95% CI for Diff: [-26.87,  35.87]
N(H)=  9 | Best: H (108.78) | 2nd: S (106.11) | 95% CI for Diff: [-26.82,  32.15]
N(H)= 10 | Best: H (105.40) | 2nd: S (104.70) | 95% CI for Diff: [-26.63,  28.03]
N(H)= 11 | Best: H (105.18) | 2nd: S (104.00) | 95% CI for Diff: [-23.58,  25.94]
N(H)= 12 | Best: H (109.50) | 2nd: S (100.58) | 95% CI for Diff: [-16.13,  33.96]
N(H)= 13 | Best: H (109.31) | 2nd: S (100.54) | 95% CI for Diff: [-14.27,  31.81]
N(H)= 14 | Best: H (108.50) | 2nd: S (100.21) | 95% CI for Diff: [-13.12,  29.69]
N(H)= 15 | Best: H (108.33) | 2nd: S (102.60) | 95% CI for Diff: [-14.74,  26.20]
N(H)= 16 | Best: H (106.81) | 2nd: S (102.69) | 95% CI for Diff: [-15.25,  23.50]
N(H)= 17 | Best: H (104.53) | 2nd: S (101.47) | 95% CI for Diff: [-15.84,  21.95]
N(H)= 18 | Best: H (105.00) | 2nd: S (101.00) | 95% CI for Diff: [-13.86,  21.86]
N(H)= 19 | Best: H (105.05) | 2nd: S (99.89) | 95% CI for Diff: [-11.88,  22.19]
N(H)= 20 | Best: H (106.55) | 2nd: S (102.75) | 95% CI for Diff: [-13.55,  21.15]
N(H)= 21 | Best: H (105.95) | 2nd: S (101.90) | 95% CI for Diff: [-12.58,  20.68]
N(H)= 22 | Best: H (108.27) | 2nd: S (102.23) | 95% CI for Diff: [-10.46,  22.55]
N(H)= 23 | Best: H (108.30) | 2nd: S (102.57) | 95% CI for Diff: [-10.05,  21.53]
N(H)= 24 | Best: H (108.38) | 2nd: S (103.29) | 95% CI for Diff: [-10.10,  20.27]
N(H)= 25 | Best: H (106.56) | 2nd: S (101.72) | 95% CI for Diff: [-10.46,  20.14]
N(H)= 26 | Best: H (106.31) | 2nd: S (103.85) | 95% CI for Diff: [-12.83,  17.75]
N(H)= 27 | Best: H (107.30) | 2nd: S (105.19) | 95% CI for Diff: [-12.96,  17.18]
N(S)= 28 | Best: S (106.29) | 2nd: H (106.21) | 95% CI for Diff: [-14.76,  14.91]
N(H)= 29 | Best: H (106.62) | 2nd: S (105.76) | 95% CI for Diff: [-13.51,  15.24]
N(H)= 30 | Best: H (108.30) | 2nd: S (105.07) | 95% CI for Diff: [-11.10,  17.57]
N(H)= 31 | Best: H (109.87) | 2nd: S (105.00) | 95% CI for Diff: [ -9.33,  19.07]
N(H)= 32 | Best: H (109.91) | 2nd: S (105.00) | 95% CI for Diff: [ -8.85,  18.66]
N(H)= 33 | Best: H (109.33) | 2nd: S (104.48) | 95% CI for Diff: [ -8.57,  18.26]
N(H)= 34 | Best: H (109.12) | 2nd: S (103.88) | 95% CI for Diff: [ -7.84,  18.31]
    -> Pruning move C (EV 94.26). Confident it's worse than H (EV 110.49).
N(H)= 35 | Best: H (110.49) | 2nd: S (103.63) | 95% CI for Diff: [ -6.13,  19.84]
N(H)= 36 | Best: H (111.78) | 2nd: S (102.31) | 95% CI for Diff: [ -3.66,  22.60]
N(H)= 37 | Best: H (112.70) | 2nd: S (102.11) | 95% CI for Diff: [ -2.31,  23.50]
N(H)= 38 | Best: H (113.58) | 2nd: S (101.58) | 95% CI for Diff: [ -0.72,  24.72]
N(H)= 39 | Best: H (112.77) | 2nd: S (101.36) | 95% CI for Diff: [ -1.09,  23.91]
N(H)= 40 | Best: H (113.50) | 2nd: S (102.15) | 95% CI for Diff: [ -1.01,  23.71]
    -> Pruning move S (EV 101.73). Confident it's worse than H (EV 113.88).
N(H)= 41 | Best: H (113.88) | 2nd: S (101.73) | 95% CI for Diff: [  0.04,  24.25]

--- Conclusion: Found a Single Best Move! ---
Trump H is the winner with EV: 114.00
